// Jest Snapshot v1, https://goo.gl/fbAQLP

exports[`AttributionControl is rendered 1`] = `
<EuiText
  css={
    Object {
      "map": undefined,
      "name": "ecacjp",
      "next": undefined,
      "styles": "
          
  overflow-wrap: break-word !important; // makes sure the long string will wrap and not bust out of the container
  word-wrap: break-word !important; // spec says, they are literally just alternate names for each other but some browsers support one and not the other
  word-break: break-word; // IE doesn't understand but that's ok

          pointer-events: all;
          padding-left: 12px;
          margin-left: calc(40px * 4);
        ",
      "toString": [Function],
    }
  }
  size="xs"
>
  <small>
    <EuiLink
      color="text"
      href="https://coolmaps.com"
      target="_blank"
    >
      attribution with link
    </EuiLink>
    , 
    attribution with no link
  </small>
</EuiText>
`;
